[0;34m[INFO][0m Building Docker image: lem-aur-builder
#0 building with "default" instance using docker driver

#1 [internal] load build definition from Dockerfile
#1 transferring dockerfile: 714B done
#1 DONE 0.0s

#2 [internal] load metadata for docker.io/library/archlinux:latest
#2 DONE 1.5s

#3 [internal] load .dockerignore
#3 transferring context: 2B done
#3 DONE 0.0s

#4 [1/5] FROM docker.io/library/archlinux:latest@sha256:b4df475619469581537637ceaace6075f4912ea1cd6db6b99d463e3a72969d04
#4 resolve docker.io/library/archlinux:latest@sha256:b4df475619469581537637ceaace6075f4912ea1cd6db6b99d463e3a72969d04 0.0s done
#4 sha256:6bd69c77b3164c13f3b81ca340f9329fe8cd6ab2d5b0a767ed9438c9ce57e086 0B / 8.58kB 0.1s
#4 sha256:b4df475619469581537637ceaace6075f4912ea1cd6db6b99d463e3a72969d04 1.23kB / 1.23kB done
#4 sha256:bada17b14eeb70c3926e67951ac95291548c25a4b4c83b73c846838e5e292700 1.22kB / 1.22kB done
#4 sha256:c0861fbb9176ee3054b4213768d899fcaa75ed245638766f323fa8f8a81d439b 4.21kB / 4.21kB done
#4 sha256:c9ea86d6f9b5d6505c95a0472fee5fc3797e6b14e31f3f8d9907664194475576 0B / 128.81MB 0.1s
#4 sha256:6bd69c77b3164c13f3b81ca340f9329fe8cd6ab2d5b0a767ed9438c9ce57e086 8.58kB / 8.58kB 0.4s done
#4 sha256:c9ea86d6f9b5d6505c95a0472fee5fc3797e6b14e31f3f8d9907664194475576 13.63MB / 128.81MB 0.6s
#4 sha256:c9ea86d6f9b5d6505c95a0472fee5fc3797e6b14e31f3f8d9907664194475576 22.02MB / 128.81MB 0.7s
#4 sha256:c9ea86d6f9b5d6505c95a0472fee5fc3797e6b14e31f3f8d9907664194475576 38.80MB / 128.81MB 0.9s
#4 sha256:c9ea86d6f9b5d6505c95a0472fee5fc3797e6b14e31f3f8d9907664194475576 51.38MB / 128.81MB 1.1s
#4 sha256:c9ea86d6f9b5d6505c95a0472fee5fc3797e6b14e31f3f8d9907664194475576 65.01MB / 128.81MB 1.3s
#4 sha256:c9ea86d6f9b5d6505c95a0472fee5fc3797e6b14e31f3f8d9907664194475576 76.55MB / 128.81MB 1.5s
#4 sha256:c9ea86d6f9b5d6505c95a0472fee5fc3797e6b14e31f3f8d9907664194475576 83.89MB / 128.81MB 1.7s
#4 sha256:c9ea86d6f9b5d6505c95a0472fee5fc3797e6b14e31f3f8d9907664194475576 95.42MB / 128.81MB 1.8s
#4 sha256:c9ea86d6f9b5d6505c95a0472fee5fc3797e6b14e31f3f8d9907664194475576 111.15MB / 128.81MB 2.0s
#4 sha256:c9ea86d6f9b5d6505c95a0472fee5fc3797e6b14e31f3f8d9907664194475576 122.68MB / 128.81MB 2.2s
#4 sha256:c9ea86d6f9b5d6505c95a0472fee5fc3797e6b14e31f3f8d9907664194475576 128.81MB / 128.81MB 2.7s done
#4 extracting sha256:c9ea86d6f9b5d6505c95a0472fee5fc3797e6b14e31f3f8d9907664194475576
#4 extracting sha256:c9ea86d6f9b5d6505c95a0472fee5fc3797e6b14e31f3f8d9907664194475576 5.1s
#4 extracting sha256:c9ea86d6f9b5d6505c95a0472fee5fc3797e6b14e31f3f8d9907664194475576 10.2s
#4 extracting sha256:c9ea86d6f9b5d6505c95a0472fee5fc3797e6b14e31f3f8d9907664194475576 11.1s done
#4 extracting sha256:6bd69c77b3164c13f3b81ca340f9329fe8cd6ab2d5b0a767ed9438c9ce57e086
#4 extracting sha256:6bd69c77b3164c13f3b81ca340f9329fe8cd6ab2d5b0a767ed9438c9ce57e086 0.3s done
#4 DONE 16.2s

#5 [2/5] RUN pacman -Syu --noconfirm &&     pacman -S --noconfirm         base-devel         git         sbcl         curl         ncurses         sdl2         gtk3         webkit2gtk-4.1         gcc         glibc         sudo
#5 0.204 :: Synchronizing package databases...
#5 0.666  core downloading...
#5 0.666  extra downloading...
#5 0.666 :: Starting full system upgrade...
#5 0.907 resolving dependencies...
#5 0.909 looking for conflicting packages...
#5 0.911 
#5 0.911 Package (10)              Old Version  New Version  Net Change  Download Size
#5 0.911 
#5 0.911 core/glib2                2.86.5-1     2.88.0-1       0.17 MiB       4.96 MiB
#5 0.911 core/hwdata               0.405-1      0.406-1        0.04 MiB       1.68 MiB
#5 0.911 core/iptables             1:1.8.11-2   1:1.8.12-1     0.00 MiB       0.41 MiB
#5 0.911 core/libcap               2.77-1       2.78-1         0.08 MiB       0.81 MiB
#5 0.911 extra/libsysprof-capture  49.0-2       50.0-1         0.00 MiB       0.05 MiB
#5 0.911 extra/nftables                         1:1.1.6-3      1.11 MiB       0.42 MiB
#5 0.911 core/openssl              3.6.1-1      3.6.2-1        0.01 MiB       5.36 MiB
#5 0.911 core/pacman-mirrorlist    20260213-1   20260406-1     0.00 MiB       0.01 MiB
#5 0.911 core/pciutils             3.14.0-1     3.15.0-1       0.02 MiB       0.15 MiB
#5 0.911 core/sqlite               3.52.0-1     3.53.0-2       0.17 MiB       2.33 MiB
#5 0.911 
#5 0.911 Total Download Size:   16.18 MiB
#5 0.911 Total Installed Size:  83.36 MiB
#5 0.911 Net Upgrade Size:       1.60 MiB
#5 0.911 
#5 0.911 :: Proceed with installation? [Y/n] 
#5 0.927 :: Retrieving packages...
#5 1.271  openssl-3.6.2-1-x86_64 downloading...
#5 1.271  glib2-2.88.0-1-x86_64 downloading...
#5 1.271  sqlite-3.53.0-2-x86_64 downloading...
#5 1.271  hwdata-0.406-1-any downloading...
#5 1.271  libcap-2.78-1-x86_64 downloading...
#5 1.271  nftables-1:1.1.6-3-x86_64 downloading...
#5 1.271  iptables-1:1.8.12-1-x86_64 downloading...
#5 1.271  pciutils-3.15.0-1-x86_64 downloading...
#5 1.271  libsysprof-capture-50.0-1-x86_64 downloading...
#5 1.271  pacman-mirrorlist-20260406-1-any downloading...
#5 1.271 checking keyring...
#5 1.358 checking package integrity...
#5 1.584 loading package files...
#5 1.611 checking for file conflicts...
#5 1.612 :: Processing package changes...
#5 1.612 upgrading libsysprof-capture...
#5 1.650 upgrading sqlite...
#5 1.698 upgrading glib2...
#5 1.916 upgrading hwdata...
#5 1.953 installing nftables...
#5 1.973 Optional dependencies for nftables
#5 1.973     python: Python bindings
#5 1.973     python-jsonschema: Python bindings
#5 1.973 upgrading openssl...
#5 2.089 upgrading iptables...
#5 2.136 upgrading libcap...
#5 2.160 upgrading pacman-mirrorlist...
#5 2.165 upgrading pciutils...
#5 2.484 :: Running post-transaction hooks...
#5 2.484 (1/3) Reloading system manager configuration...
#5 2.541   Skipped: Current root is not booted.
#5 2.541 (2/3) Enqueuing marked services...
#5 2.597   Skipped: Current root is not booted.
#5 2.597 (3/3) Arming ConditionNeedsUpdate...
#5 2.919 warning: curl-8.19.0-1 is up to date -- reinstalling
#5 2.919 warning: ncurses-6.6-2 is up to date -- reinstalling
#5 2.920 resolving dependencies...
#5 2.920 warning: glibc-2.43+r5+g856c426a7534-1 is up to date -- reinstalling
#5 2.931 :: There are 11 providers available for ttf-font:
#5 2.931 :: Repository extra
#5 2.931    1) gnu-free-fonts  2) noto-fonts  3) ttf-bitstream-vera  4) ttf-croscore  5) ttf-dejavu  6) ttf-droid  7) ttf-ibm-plex  8) ttf-input  9) ttf-input-nerd  10) ttf-liberation  11) ttf-roboto
#5 2.931 
#5 2.931 Enter a number (default=1): 
#5 2.931 looking for conflicting packages...
#5 2.939 
#5 2.939 Package (156)                    Old Version              New Version                  Net Change  Download Size
#5 2.939 
#5 2.939 extra/adwaita-cursors                                     50.0-1                        11.41 MiB       0.35 MiB
#5 2.939 extra/adwaita-fonts                                       50.0-1                         7.29 MiB       2.13 MiB
#5 2.939 extra/adwaita-icon-theme                                  50.0-1                         1.19 MiB       0.20 MiB
#5 2.939 extra/adwaita-icon-theme-legacy                           46.2-3                         2.23 MiB       2.17 MiB
#5 2.939 extra/aom                                                 3.13.3-1                       9.16 MiB       2.91 MiB
#5 2.939 extra/at-spi2-core                                        2.60.0-1                       4.01 MiB       0.57 MiB
#5 2.939 core/autoconf                                             2.73-1                         2.25 MiB       0.64 MiB
#5 2.939 core/automake                                             1.18.1-1                       1.64 MiB       0.62 MiB
#5 2.939 extra/avahi                                               1:0.9rc4-1                     2.00 MiB       0.43 MiB
#5 2.939 core/bison                                                3.8.2-8                        2.52 MiB       0.75 MiB
#5 2.939 extra/bubblewrap                                          0.11.1-1                       0.09 MiB       0.04 MiB
#5 2.939 extra/cairo                                               1.18.4-1                       1.59 MiB       0.61 MiB
#5 2.939 extra/dav1d                                               1.5.3-1                        1.78 MiB       0.63 MiB
#5 2.939 core/db5.3                                                5.3.28-7                       6.48 MiB       1.26 MiB
#5 2.939 extra/dconf                                               0.49.0-1                       0.45 MiB       0.10 MiB
#5 2.939 core/debugedit                                            5.2-1                          0.11 MiB       0.05 MiB
#5 2.939 extra/default-cursors                                     3-1                            0.00 MiB       0.00 MiB
#5 2.939 extra/desktop-file-utils                                  0.28-1                         0.18 MiB       0.04 MiB
#5 2.939 core/diffutils                                            3.12-2                         1.50 MiB       0.33 MiB
#5 2.939 extra/duktape                                             2.7.0-7                        0.78 MiB       0.17 MiB
#5 2.939 extra/enchant                                             2.8.15-2                       0.27 MiB       0.08 MiB
#5 2.939 core/fakeroot                                             1.37.2-1                       0.14 MiB       0.08 MiB
#5 2.939 core/flex                                                 2.6.4-5                        0.93 MiB       0.30 MiB
#5 2.939 extra/fontconfig                                          2:2.17.1-1                     1.12 MiB       0.37 MiB
#5 2.939 extra/freetype2                                           2.14.3-1                       1.66 MiB       0.52 MiB
#5 2.939 extra/fribidi                                             1.0.16-2                       0.24 MiB       0.07 MiB
#5 2.939 core/gc                                                   8.2.12-1                       0.76 MiB       0.23 MiB
#5 2.939 extra/gdk-pixbuf2                                         2.44.6-2                       2.96 MiB       0.48 MiB
#5 2.939 extra/giflib                                              6.1.2-1                        0.33 MiB       0.10 MiB
#5 2.939 extra/glib-networking                                     1:2.80.1-1                     0.65 MiB       0.14 MiB
#5 2.939 extra/glycin                                              2.1.1-1                       17.50 MiB       3.78 MiB
#5 2.939 extra/gnu-free-fonts                                      20120503-9                     6.65 MiB       3.19 MiB
#5 2.939 extra/gperftools                                          2.18.1-1                       2.01 MiB       0.49 MiB
#5 2.939 extra/graphene                                            1.10.8-2                       0.98 MiB       0.10 MiB
#5 2.939 extra/graphite                                            1:1.3.14-6                     0.20 MiB       0.08 MiB
#5 2.939 core/groff                                                1.24.1-1                       9.01 MiB       2.40 MiB
#5 2.939 extra/gsettings-desktop-schemas                           50.0-1                         6.08 MiB       0.79 MiB
#5 2.939 extra/gsettings-system-schemas                            50.0-1                         0.02 MiB       0.01 MiB
#5 2.939 extra/gssdp                                               1.6.4-1                        0.24 MiB       0.06 MiB
#5 2.939 extra/gst-plugins-bad-libs                                1.28.2-1                      14.52 MiB       3.09 MiB
#5 2.939 extra/gst-plugins-base-libs                               1.28.2-1                      12.70 MiB       2.39 MiB
#5 2.939 extra/gstreamer                                           1.28.2-1                      11.81 MiB       2.06 MiB
#5 2.939 extra/gtest                                               1.17.0-2                       1.63 MiB       0.38 MiB
#5 2.939 extra/gtk-update-icon-cache                               1:4.22.2-1                     0.04 MiB       0.02 MiB
#5 2.939 core/guile                                                3.0.11-1                      54.49 MiB       8.39 MiB
#5 2.939 extra/gupnp                                               1:1.6.9-1                      0.70 MiB       0.12 MiB
#5 2.939 extra/gupnp-igd                                           1.6.0-2                        0.11 MiB       0.03 MiB
#5 2.939 extra/harfbuzz                                            14.1.0-1                       4.67 MiB       1.25 MiB
#5 2.939 extra/harfbuzz-icu                                        14.1.0-1                       0.02 MiB       0.01 MiB
#5 2.939 extra/hicolor-icon-theme                                  0.18-1                         0.05 MiB       0.01 MiB
#5 2.939 extra/hidapi                                              0.15.0-1                       0.13 MiB       0.04 MiB
#5 2.939 extra/highway                                             1.3.0-2                        9.87 MiB       1.16 MiB
#5 2.939 extra/hyphen                                              2.8.8-6                        0.03 MiB       0.02 MiB
#5 2.939 extra/iso-codes                                           4.20.1-1                      22.30 MiB       3.60 MiB
#5 2.939 extra/jbigkit                                             2.1-8                          0.16 MiB       0.05 MiB
#5 2.939 extra/json-glib                                           1.10.8-1                       1.01 MiB       0.17 MiB
#5 2.939 extra/lcms2                                               2.18-1                         0.68 MiB       0.22 MiB
#5 2.939 extra/libavif                                             1.4.1-1                        0.84 MiB       0.30 MiB
#5 2.939 extra/libcloudproviders                                   0.4.0-1                        0.32 MiB       0.05 MiB
#5 2.939 extra/libcolord                                           1.4.8-1                        1.24 MiB       0.18 MiB
#5 2.939 extra/libcups                                             2:2.4.16-2                     0.77 MiB       0.27 MiB
#5 2.939 extra/libdaemon                                           0.14-6                         0.06 MiB       0.02 MiB
#5 2.939 extra/libdatrie                                           0.2.14-1                       0.49 MiB       0.11 MiB
#5 2.939 extra/libdeflate                                          1.25-1                         0.14 MiB       0.06 MiB
#5 2.939 extra/libdrm                                              2.4.131-1                      1.28 MiB       0.35 MiB
#5 2.939 core/libedit                                              20251016_3.1-1                 0.26 MiB       0.11 MiB
#5 2.939 extra/libepoxy                                            1.5.10-3                       2.64 MiB       0.30 MiB
#5 2.939 extra/libevdev                                            1.13.6-1                       0.21 MiB       0.06 MiB
#5 2.939 extra/libglvnd                                            1.7.0-3                        3.34 MiB       0.32 MiB
#5 2.939 extra/libgudev                                            238-3                          0.38 MiB       0.04 MiB
#5 2.939 core/libisl                                               0.27-1                         5.75 MiB       0.87 MiB
#5 2.939 extra/libjpeg-turbo                                       3.1.4.1-1                      2.43 MiB       0.57 MiB
#5 2.939 extra/libjxl                                              0.11.2-2                       9.65 MiB       2.18 MiB
#5 2.939 extra/libmanette                                          0.2.13-2                       0.40 MiB       0.05 MiB
#5 2.939 core/libmpc                                               1.4.0-1                        0.19 MiB       0.09 MiB
#5 2.939 extra/libnice                                             0.1.23-1                       1.81 MiB       0.31 MiB
#5 2.939 extra/libpciaccess                                        0.19-1                         0.06 MiB       0.02 MiB
#5 2.939 extra/libpng                                              1.6.57-1                       0.58 MiB       0.25 MiB
#5 2.939 extra/libproxy                                            0.5.12-1                       0.10 MiB       0.03 MiB
#5 2.939 extra/librsvg                                             2:2.62.1-1                    10.25 MiB       2.37 MiB
#5 2.939 extra/libsoup3                                            3.6.6-2                        1.96 MiB       0.39 MiB
#5 2.939 extra/libstemmer                                          3.0.1-1                        0.60 MiB       0.13 MiB
#5 2.939 extra/libthai                                             0.1.30-1                       1.24 MiB       0.26 MiB
#5 2.939 extra/libtiff                                             4.7.1-2                        1.26 MiB       0.38 MiB
#5 2.939 core/libtool                                              2.6.0-4                        2.33 MiB       0.42 MiB
#5 2.939 extra/libunwind                                           1.8.2-1                        0.29 MiB       0.13 MiB
#5 2.939 extra/libva                                               2.23.0-1                       0.98 MiB       0.20 MiB
#5 2.939 extra/libwebp                                             1.6.0-2                        1.04 MiB       0.32 MiB
#5 2.939 extra/libx11                                              1.8.13-1                       9.78 MiB       2.00 MiB
#5 2.939 extra/libxau                                              1.0.12-1                       0.02 MiB       0.01 MiB
#5 2.939 extra/libxcb                                              1.17.0-1                       3.87 MiB       0.97 MiB
#5 2.939 extra/libxcomposite                                       0.4.7-1                        0.02 MiB       0.01 MiB
#5 2.939 extra/libxcursor                                          1.2.3-1                        0.07 MiB       0.03 MiB
#5 2.939 extra/libxdamage                                          1.1.7-1                        0.02 MiB       0.01 MiB
#5 2.939 extra/libxdmcp                                            1.1.5-2                        0.13 MiB       0.03 MiB
#5 2.939 extra/libxext                                             1.3.7-1                        0.30 MiB       0.10 MiB
#5 2.939 extra/libxfixes                                           6.0.2-1                        0.04 MiB       0.01 MiB
#5 2.939 extra/libxft                                              2.3.9-1                        0.13 MiB       0.06 MiB
#5 2.939 extra/libxi                                               1.8.2-1                        0.48 MiB       0.15 MiB
#5 2.939 extra/libxinerama                                         1.1.6-1                        0.02 MiB       0.01 MiB
#5 2.939 extra/libxkbcommon                                        1.13.1-1                       1.03 MiB       0.27 MiB
#5 2.939 extra/libxkbcommon-x11                                    1.13.1-1                       0.10 MiB       0.03 MiB
#5 2.939 extra/libxrandr                                           1.5.5-1                        0.07 MiB       0.03 MiB
#5 2.939 extra/libxrender                                          0.9.12-1                       0.09 MiB       0.03 MiB
#5 2.939 extra/libxshmfence                                        1.3.3-1                        0.02 MiB       0.01 MiB
#5 2.939 extra/libxslt                                             1.1.45-2                       0.78 MiB       0.20 MiB
#5 2.939 extra/libxtst                                             1.2.5-1                        0.11 MiB       0.03 MiB
#5 2.939 extra/libxv                                               1.0.13-1                       0.06 MiB       0.03 MiB
#5 2.939 extra/libxxf86vm                                          1.1.7-1                        0.03 MiB       0.02 MiB
#5 2.939 extra/libyuv                                              r2426+464c51a03-1              1.82 MiB       0.30 MiB
#5 2.939 extra/llvm-libs                                           22.1.3-1                     160.11 MiB      39.72 MiB
#5 2.939 extra/lm_sensors                                          1:3.6.2-1                      0.48 MiB       0.13 MiB
#5 2.939 core/lzo                                                  2.10-5                         0.38 MiB       0.09 MiB
#5 2.939 core/m4                                                   1.4.21-2                       0.71 MiB       0.27 MiB
#5 2.939 core/make                                                 4.4.1-2                        1.67 MiB       0.51 MiB
#5 2.939 extra/mesa                                                1:26.0.4-1                    50.73 MiB      12.73 MiB
#5 2.939 extra/openjpeg2                                           2.5.4-1                       13.37 MiB       0.87 MiB
#5 2.939 extra/orc                                                 0.4.42-1                       1.36 MiB       0.31 MiB
#5 2.939 extra/pango                                               1:1.57.1-1                     2.33 MiB       0.42 MiB
#5 2.939 core/patch                                                2.8-1                          0.17 MiB       0.08 MiB
#5 2.939 core/perl                                                 5.42.2-1                      70.11 MiB      20.44 MiB
#5 2.939 extra/perl-error                                          0.17030-3                      0.04 MiB       0.02 MiB
#5 2.939 extra/perl-mailtools                                      2.22-3                         0.10 MiB       0.06 MiB
#5 2.939 extra/perl-timedate                                       2.35-1                         0.15 MiB       0.06 MiB
#5 2.939 extra/pixman                                              0.46.4-1                       0.74 MiB       0.28 MiB
#5 2.939 core/pkgconf                                              2.5.1-1                        0.20 MiB       0.07 MiB
#5 2.939 extra/rav1e                                               0.8.1-2                        7.61 MiB       1.60 MiB
#5 2.939 extra/sdl3                                                3.4.4-1                        6.76 MiB       1.61 MiB
#5 2.939 extra/shared-mime-info                                    2.4-3                          4.58 MiB       0.60 MiB
#5 2.939 extra/spirv-tools                                         1:1.4.341.0-2                  7.59 MiB       1.91 MiB
#5 2.939 extra/svt-av1                                             4.1.0-1                        5.24 MiB       1.92 MiB
#5 2.939 core/texinfo                                              7.2-1                         11.51 MiB       1.99 MiB
#5 2.939 extra/tinysparql                                          3.11.0-1                       3.88 MiB       1.05 MiB
#5 2.939 extra/vmaf                                                3.1.0-1                        6.53 MiB       0.41 MiB
#5 2.939 extra/vulkan-icd-loader                                   1.4.341.0-1                    0.58 MiB       0.15 MiB
#5 2.939 extra/wayland                                             1.24.0-1                       0.82 MiB       0.14 MiB
#5 2.939 core/which                                                2.23-1                         0.03 MiB       0.02 MiB
#5 2.939 extra/woff2                                               1.0.2-6                        0.17 MiB       0.06 MiB
#5 2.939 extra/xcb-proto                                           1.17.0-4                       1.03 MiB       0.13 MiB
#5 2.939 extra/xdg-dbus-proxy                                      0.1.7-1                        0.06 MiB       0.03 MiB
#5 2.939 extra/xkeyboard-config                                    2.47-1                        10.23 MiB       0.86 MiB
#5 2.939 extra/xorg-xprop                                          1.2.8-1                        0.05 MiB       0.03 MiB
#5 2.939 extra/xorgproto                                           2025.1-1                       1.47 MiB       0.24 MiB
#5 2.939 extra/xxhash                                              0.8.3-1                        0.39 MiB       0.10 MiB
#5 2.939 extra/zlib-ng                                             2.3.3-1                        0.28 MiB       0.11 MiB
#5 2.939 core/base-devel                                           1-2                            0.00 MiB       0.00 MiB
#5 2.939 core/curl                        8.19.0-1                 8.19.0-1                       0.00 MiB       1.23 MiB
#5 2.939 core/gcc                                                  15.2.1+r604+g0b99615a8aef-1  208.94 MiB      54.04 MiB
#5 2.939 extra/git                                                 2.53.0-1                      29.72 MiB       6.83 MiB
#5 2.939 core/glibc                       2.43+r5+g856c426a7534-1  2.43+r5+g856c426a7534-1        0.00 MiB      10.13 MiB
#5 2.939 extra/gtk3                                                1:3.24.52-1                   52.96 MiB       8.83 MiB
#5 2.939 core/ncurses                     6.6-2                    6.6-2                          0.00 MiB       1.17 MiB
#5 2.939 extra/sbcl                                                2.6.3-1                       63.27 MiB      14.33 MiB
#5 2.939 extra/sdl2-compat                                         2.32.66-1                      3.08 MiB       0.45 MiB
#5 2.939 core/sudo                                                 1.9.17.p2-2                    7.83 MiB       1.84 MiB
#5 2.939 extra/webkit2gtk-4.1                                      2.52.1-1                     132.83 MiB      35.69 MiB
#5 2.939 
#5 2.939 Total Download Size:    289.23 MiB
#5 2.939 Total Installed Size:  1240.40 MiB
#5 2.939 Net Upgrade Size:      1185.28 MiB
#5 2.939 
#5 2.939 :: Proceed with installation? [Y/n] 
#5 2.940 :: Retrieving packages...
#5 7.687  gcc-15.2.1+r604+g0b99615a8aef-1-x86_64 downloading...
#5 7.687  llvm-libs-22.1.3-1-x86_64 downloading...
#5 7.687  webkit2gtk-4.1-2.52.1-1-x86_64 downloading...
#5 7.687  perl-5.42.2-1-x86_64 downloading...
#5 7.687  sbcl-2.6.3-1-x86_64 downloading...
#5 7.687  mesa-1:26.0.4-1-x86_64 downloading...
#5 7.687  glibc-2.43+r5+g856c426a7534-1-x86_64 downloading...
#5 7.687  gtk3-1:3.24.52-1-x86_64 downloading...
#5 7.687  guile-3.0.11-1-x86_64 downloading...
#5 7.687  git-2.53.0-1-x86_64 downloading...
#5 7.687  glycin-2.1.1-1-x86_64 downloading...
#5 7.687  iso-codes-4.20.1-1-any downloading...
#5 7.687  gnu-free-fonts-20120503-9-any downloading...
#5 7.687  gst-plugins-bad-libs-1.28.2-1-x86_64 downloading...
#5 7.687  aom-3.13.3-1-x86_64 downloading...
#5 7.687  groff-1.24.1-1-x86_64 downloading...
#5 7.687  gst-plugins-base-libs-1.28.2-1-x86_64 downloading...
#5 7.687  librsvg-2:2.62.1-1-x86_64 downloading...
#5 7.687  libjxl-0.11.2-2-x86_64 downloading...
#5 7.687  adwaita-icon-theme-legacy-46.2-3-any downloading...
#5 7.687  adwaita-fonts-50.0-1-any downloading...
#5 7.687  gstreamer-1.28.2-1-x86_64 downloading...
#5 7.687  libx11-1.8.13-1-x86_64 downloading...
#5 7.687  texinfo-7.2-1-x86_64 downloading...
#5 7.687  svt-av1-4.1.0-1-x86_64 downloading...
#5 7.687  spirv-tools-1:1.4.341.0-2-x86_64 downloading...
#5 7.687  sudo-1.9.17.p2-2-x86_64 downloading...
#5 7.687  sdl3-3.4.4-1-x86_64 downloading...
#5 7.687  rav1e-0.8.1-2-x86_64 downloading...
#5 7.687  db5.3-5.3.28-7-x86_64 downloading...
#5 7.687  harfbuzz-14.1.0-1-x86_64 downloading...
#5 7.687  curl-8.19.0-1-x86_64 downloading...
#5 7.687  ncurses-6.6-2-x86_64 downloading...
#5 7.687  highway-1.3.0-2-x86_64 downloading...
#5 7.687  tinysparql-3.11.0-1-x86_64 downloading...
#5 7.687  libxcb-1.17.0-1-x86_64 downloading...
#5 7.687  openjpeg2-2.5.4-1-x86_64 downloading...
#5 7.687  libisl-0.27-1-x86_64 downloading...
#5 7.687  xkeyboard-config-2.47-1-any downloading...
#5 7.687  gsettings-desktop-schemas-50.0-1-any downloading...
#5 7.687  bison-3.8.2-8-x86_64 downloading...
#5 7.687  autoconf-2.73-1-any downloading...
#5 7.687  dav1d-1.5.3-1-x86_64 downloading...
#5 7.687  automake-1.18.1-1-any downloading...
#5 7.687  cairo-1.18.4-1-x86_64 downloading...
#5 7.687  shared-mime-info-2.4-3-x86_64 downloading...
#5 7.687  at-spi2-core-2.60.0-1-x86_64 downloading...
#5 7.687  libjpeg-turbo-3.1.4.1-1-x86_64 downloading...
#5 7.687  freetype2-2.14.3-1-x86_64 downloading...
#5 7.687  make-4.4.1-2-x86_64 downloading...
#5 7.687  gperftools-2.18.1-1-x86_64 downloading...
#5 7.687  gdk-pixbuf2-2.44.6-2-x86_64 downloading...
#5 7.687  sdl2-compat-2.32.66-1-x86_64 downloading...
#5 7.687  avahi-1:0.9rc4-1-x86_64 downloading...
#5 7.687  pango-1:1.57.1-1-x86_64 downloading...
#5 7.687  libtool-2.6.0-4-x86_64 downloading...
#5 7.687  vmaf-3.1.0-1-x86_64 downloading...
#5 7.687  libsoup3-3.6.6-2-x86_64 downloading...
#5 7.687  libtiff-4.7.1-2-x86_64 downloading...
#5 7.687  gtest-1.17.0-2-x86_64 downloading...
#5 7.687  fontconfig-2:2.17.1-1-x86_64 downloading...
#5 7.687  adwaita-cursors-50.0-1-any downloading...
#5 7.687  libdrm-2.4.131-1-x86_64 downloading...
#5 7.687  diffutils-3.12-2-x86_64 downloading...
#5 7.687  libwebp-1.6.0-2-x86_64 downloading...
#5 7.687  libglvnd-1.7.0-3-x86_64 downloading...
#5 7.687  orc-0.4.42-1-x86_64 downloading...
#5 7.687  libnice-0.1.23-1-x86_64 downloading...
#5 7.687  flex-2.6.4-5-x86_64 downloading...
#5 7.687  libepoxy-1.5.10-3-x86_64 downloading...
#5 7.687  libyuv-r2426+464c51a03-1-x86_64 downloading...
#5 7.687  libavif-1.4.1-1-x86_64 downloading...
#5 7.687  pixman-0.46.4-1-x86_64 downloading...
#5 7.687  m4-1.4.21-2-x86_64 downloading...
#5 7.687  libxkbcommon-1.13.1-1-x86_64 downloading...
#5 7.687  libcups-2:2.4.16-2-x86_64 downloading...
#5 7.687  libthai-0.1.30-1-x86_64 downloading...
#5 7.687  libpng-1.6.57-1-x86_64 downloading...
#5 7.687  xorgproto-2025.1-1-any downloading...
#5 7.687  gc-8.2.12-1-x86_64 downloading...
#5 7.687  lcms2-2.18-1-x86_64 downloading...
#5 7.687  libxslt-1.1.45-2-x86_64 downloading...
#5 7.687  adwaita-icon-theme-50.0-1-any downloading...
#5 7.687  libva-2.23.0-1-x86_64 downloading...
#5 7.687  libcolord-1.4.8-1-x86_64 downloading...
#5 7.687  duktape-2.7.0-7-x86_64 downloading...
#5 7.687  json-glib-1.10.8-1-x86_64 downloading...
#5 7.687  vulkan-icd-loader-1.4.341.0-1-x86_64 downloading...
#5 7.687  libxi-1.8.2-1-x86_64 downloading...
#5 7.687  wayland-1.24.0-1-x86_64 downloading...
#5 7.687  glib-networking-1:2.80.1-1-x86_64 downloading...
#5 7.687  libstemmer-3.0.1-1-x86_64 downloading...
#5 7.687  lm_sensors-1:3.6.2-1-x86_64 downloading...
#5 7.687  xcb-proto-1.17.0-4-any downloading...
#5 7.687  libunwind-1.8.2-1-x86_64 downloading...
#5 7.687  gupnp-1:1.6.9-1-x86_64 downloading...
#5 7.687  zlib-ng-2.3.3-1-x86_64 downloading...
#5 7.687  libedit-20251016_3.1-1-x86_64 downloading...
#5 7.687  libdatrie-0.2.14-1-x86_64 downloading...
#5 7.687  dconf-0.49.0-1-x86_64 downloading...
#5 8.405  graphene-1.10.8-2-x86_64 downloading...
#5 8.405  libxext-1.3.7-1-x86_64 downloading...
#5 8.405  giflib-6.1.2-1-x86_64 downloading...
#5 8.405  xxhash-0.8.3-1-x86_64 downloading...
#5 8.405  libmpc-1.4.0-1-x86_64 downloading...
#5 8.405  lzo-2.10-5-x86_64 downloading...
#5 8.405  patch-2.8-1-x86_64 downloading...
#5 8.405  graphite-1:1.3.14-6-x86_64 downloading...
#5 8.405  fakeroot-1.37.2-1-x86_64 downloading...
#5 8.405  enchant-2.8.15-2-x86_64 downloading...
#5 8.405  pkgconf-2.5.1-1-x86_64 downloading...
#5 8.405  fribidi-1.0.16-2-x86_64 downloading...
#5 8.405  libdeflate-1.25-1-x86_64 downloading...
#5 8.405  perl-timedate-2.35-1-any downloading...
#5 8.405  libxft-2.3.9-1-x86_64 downloading...
#5 8.405  perl-mailtools-2.22-3-any downloading...
#5 8.405  libevdev-1.13.6-1-x86_64 downloading...
#5 8.405  woff2-1.0.2-6-x86_64 downloading...
#5 8.405  gssdp-1.6.4-1-x86_64 downloading...
#5 8.405  libmanette-0.2.13-2-x86_64 downloading...
#5 8.405  jbigkit-2.1-8-x86_64 downloading...
#5 8.405  libcloudproviders-0.4.0-1-x86_64 downloading...
#5 8.405  debugedit-5.2-1-x86_64 downloading...
#5 8.405  libgudev-238-3-x86_64 downloading...
#5 8.405  desktop-file-utils-0.28-1-x86_64 downloading...
#5 8.405  hidapi-0.15.0-1-x86_64 downloading...
#5 8.405  bubblewrap-0.11.1-1-x86_64 downloading...
#5 8.405  libxv-1.0.13-1-x86_64 downloading...
#5 8.405  libxcursor-1.2.3-1-x86_64 downloading...
#5 8.405  libxkbcommon-x11-1.13.1-1-x86_64 downloading...
#5 8.405  libproxy-0.5.12-1-x86_64 downloading...
#5 8.405  libxrender-0.9.12-1-x86_64 downloading...
#5 8.405  libxtst-1.2.5-1-x86_64 downloading...
#5 8.405  gupnp-igd-1.6.0-2-x86_64 downloading...
#5 8.405  libxrandr-1.5.5-1-x86_64 downloading...
#5 8.405  libxdmcp-1.1.5-2-x86_64 downloading...
#5 8.405  xdg-dbus-proxy-0.1.7-1-x86_64 downloading...
#5 8.405  xorg-xprop-1.2.8-1-x86_64 downloading...
#5 8.405  libpciaccess-0.19-1-x86_64 downloading...
#5 8.405  perl-error-0.17030-3-any downloading...
#5 8.405  libdaemon-0.14-6-x86_64 downloading...
#5 8.405  gtk-update-icon-cache-1:4.22.2-1-x86_64 downloading...
#5 8.405  hyphen-2.8.8-6-x86_64 downloading...
#5 8.405  which-2.23-1-x86_64 downloading...
#5 8.405  libxxf86vm-1.1.7-1-x86_64 downloading...
#5 8.405  libxfixes-6.0.2-1-x86_64 downloading...
#5 8.405  hicolor-icon-theme-0.18-1-any downloading...
#5 8.405  libxcomposite-0.4.7-1-x86_64 downloading...
#5 8.405  libxau-1.0.12-1-x86_64 downloading...
#5 8.405  libxinerama-1.1.6-1-x86_64 downloading...
#5 8.405  harfbuzz-icu-14.1.0-1-x86_64 downloading...
#5 8.405  libxdamage-1.1.7-1-x86_64 downloading...
#5 8.405  gsettings-system-schemas-50.0-1-any downloading...
#5 8.405  libxshmfence-1.3.3-1-x86_64 downloading...
#5 8.405  default-cursors-3-1-any downloading...
#5 8.405  base-devel-1-2-any downloading...
#5 8.406 checking keyring...
#5 8.623 checking package integrity...
#5 12.06 loading package files...
#5 12.22 checking for file conflicts...
#5 12.31 :: Processing package changes...
#5 12.31 reinstalling glibc...
#5 12.68 Generating locales...
#5 12.69 Generation complete.
#5 12.72 installing m4...
#5 12.72 reinstalling ncurses...
#5 13.21 installing diffutils...
#5 13.22 installing db5.3...
#5 13.23 installing perl...
#5 13.59 installing autoconf...
#5 13.60 installing automake...
#5 13.61 reinstalling curl...
#5 13.66 installing bison...
#5 13.67 installing xxhash...
#5 13.67 installing debugedit...
#5 13.67 installing fakeroot...
#5 13.74 installing flex...
#5 13.76 installing libmpc...
#5 13.76 installing libisl...
#5 13.78 installing gcc...
#5 14.36 Optional dependencies for gcc
#5 14.36     lib32-gcc-libs: for generating code for 32-bit ABI
#5 14.36 installing groff...
#5 14.42 Optional dependencies for groff
#5 14.42     netpbm: for use together with man -H command interaction in browsers
#5 14.42     psutils: for use together with man -H command interaction in browsers
#5 14.42     libxaw: for gxditview
#5 14.42     perl-file-homedir: for use with glilypond
#5 14.42 installing libtool...
#5 14.42 installing gc...
#5 14.43 installing guile...
#5 14.60 installing make...
#5 14.60 installing patch...
#5 14.60 Optional dependencies for patch
#5 14.60     ed: for patch -e functionality
#5 14.60 installing pkgconf...
#5 14.61 installing sudo...
#5 14.64 installing texinfo...
#5 14.71 Optional dependencies for texinfo
#5 14.71     perl-archive-zip: EPUB file output via texi2any
#5 14.71 installing which...
#5 14.71 installing base-devel...
#5 14.71 installing perl-error...
#5 14.71 installing perl-timedate...
#5 14.71 installing perl-mailtools...
#5 14.72 installing zlib-ng...
#5 14.72 installing git...
#5 14.88 Optional dependencies for git
#5 14.88     git-zsh-completion: upstream zsh completion
#5 14.88     tk: gitk and git gui
#5 14.88     openssh: ssh transport and crypto
#5 14.88     man: show help with `git command --help`
#5 14.88     perl-libwww: git svn
#5 14.88     perl-term-readkey: git svn and interactive.singlekey setting
#5 14.88     perl-io-socket-ssl: git send-email TLS support
#5 14.88     perl-authen-sasl: git send-email TLS support
#5 14.88     perl-cgi: gitweb (web interface) support
#5 14.88     python: git svn & git p4
#5 14.88     subversion: git svn
#5 14.88     org.freedesktop.secrets: keyring credential helper
#5 14.88     libsecret: libsecret credential helper [installed]
#5 14.88     less: the default pager for git
#5 14.88 installing sbcl...
#5 15.11 installing xcb-proto...
#5 15.12 installing xorgproto...
#5 15.14 installing libxdmcp...
#5 15.14 installing libxau...
#5 15.14 installing libxcb...
#5 15.16 installing libx11...
#5 15.19 installing libxext...
#5 15.19 installing libxrender...
#5 15.19 installing libpciaccess...
#5 15.19 installing libdrm...
#5 15.20 Optional dependencies for libdrm
#5 15.20     cairo: needed for modetest tool [pending]
#5 15.20 installing libxshmfence...
#5 15.20 installing libxxf86vm...
#5 15.20 installing libedit...
#5 15.20 installing llvm-libs...
#5 15.55 installing lm_sensors...
#5 15.56 Optional dependencies for lm_sensors
#5 15.56     rrdtool: for logging with sensord
#5 15.56     perl: for sensor detection and configuration convert [installed]
#5 15.56 installing spirv-tools...
#5 15.58 installing default-cursors...
#5 15.58 Optional dependencies for default-cursors
#5 15.58     adwaita-cursors: default cursor theme [pending]
#5 15.58 installing wayland...
#5 15.58 installing mesa...
#5 15.70 Optional dependencies for mesa
#5 15.70     opengl-man-pages: for the OpenGL API man pages
#5 15.70 installing libglvnd...
#5 15.71 installing libxfixes...
#5 15.71 installing libxcursor...
#5 15.71 installing hidapi...
#5 15.71 Optional dependencies for hidapi
#5 15.71     libusb: for hidapi-libusb [installed]
#5 15.71 installing sdl3...
#5 15.74 Optional dependencies for sdl3
#5 15.74     alsa-lib: ALSA audio driver
#5 15.74     libpulse: PulseAudio audio driver
#5 15.74     jack: JACK audio driver
#5 15.74     pipewire: PipeWire audio driver
#5 15.74     vulkan-driver: vulkan renderer
#5 15.74     sndio: sndio audio driver
#5 15.74     libdecor: Wayland client decorations
#5 15.74 installing sdl2-compat...
#5 15.75 installing adwaita-fonts...
#5 15.77 installing hicolor-icon-theme...
#5 15.83 installing adwaita-icon-theme-legacy...
#5 16.00 installing adwaita-cursors...
#5 16.02 installing adwaita-icon-theme...
#5 16.09 installing dconf...
#5 16.20 installing gsettings-system-schemas...
#5 16.20 installing gsettings-desktop-schemas...
#5 16.22 installing libxi...
#5 16.22 installing libxtst...
#5 16.22 installing xorg-xprop...
#5 16.23 installing at-spi2-core...
#5 16.25 installing libpng...
#5 16.25 installing freetype2...
#5 16.26 Optional dependencies for freetype2
#5 16.26     harfbuzz: Improved autohinting [pending]
#5 16.26 installing fontconfig...
#5 16.34 Creating fontconfig configuration...
#5 16.36 Rebuilding fontconfig cache...
#5 18.38 installing lzo...
#5 18.38 installing pixman...
#5 18.38 installing cairo...
#5 18.39 installing desktop-file-utils...
#5 18.41 installing fribidi...
#5 18.41 installing bubblewrap...
#5 18.41 installing libjpeg-turbo...
#5 18.42 Optional dependencies for libjpeg-turbo
#5 18.42     java-runtime>11: for TurboJPEG Java wrapper
#5 18.42 installing jbigkit...
#5 18.43 installing libdeflate...
#5 18.43 installing libwebp...
#5 18.44 Optional dependencies for libwebp
#5 18.44     libwebp-utils: WebP conversion and inspection tools
#5 18.44 installing libtiff...
#5 18.44 Optional dependencies for libtiff
#5 18.44     freeglut: for using tiffgt
#5 18.44 installing lcms2...
#5 18.45 installing giflib...
#5 18.45 installing libunwind...
#5 18.46 installing gperftools...
#5 18.46 installing gtest...
#5 18.47 Optional dependencies for gtest
#5 18.47     python: gmock generator
#5 18.47 installing highway...
#5 18.50 installing libjxl...
#5 18.52 Optional dependencies for libjxl
#5 18.52     java-runtime: for JNI bindings
#5 18.52 installing dav1d...
#5 18.53 Optional dependencies for dav1d
#5 18.53     dav1d-doc: HTML documentation
#5 18.53 installing graphite...
#5 18.53 Optional dependencies for graphite
#5 18.53     graphite-docs: Documentation
#5 18.53 installing harfbuzz...
#5 18.55 Optional dependencies for harfbuzz
#5 18.55     harfbuzz-utils: utilities
#5 18.55 installing libdatrie...
#5 18.55 installing libthai...
#5 18.55 installing libxft...
#5 18.55 installing pango...
#5 18.56 installing librsvg...
#5 18.59 installing glycin...
#5 18.62 Optional dependencies for glycin
#5 18.62     libheif: Load .avif, .heic and .heif
#5 18.62 installing shared-mime-info...
#5 18.65 installing gdk-pixbuf2...
#5 18.66 Optional dependencies for gdk-pixbuf2
#5 18.66     libheif: Load .avif, .heic and .heif
#5 18.66     libopenraw: Load .arw, .cr2, .crw, .dng, .erf, .mrw, .nef, .orf, .pef and .raf
#5 18.66     libwmf: Load .apm and .wmf
#5 18.66 installing iso-codes...
#5 18.72 installing libcloudproviders...
#5 18.72 installing libcolord...
#5 18.73 installing libdaemon...
#5 18.73 installing avahi...
#5 18.77 Optional dependencies for avahi
#5 18.77     gtk3: avahi-discover, avahi-discover-standalone, bshell, bssh, bvnc [pending]
#5 18.77     libevent: libevent bindings [installed]
#5 18.77     nss-mdns: NSS support for mDNS
#5 18.77     python-dbus: avahi-bookmarks, avahi-discover
#5 18.77     python-gobject: avahi-bookmarks, avahi-discover
#5 18.77     python-twisted: avahi-bookmarks
#5 18.77 installing libcups...
#5 18.77 installing libepoxy...
#5 18.78 installing libxcomposite...
#5 18.78 installing libxdamage...
#5 18.78 installing libxinerama...
#5 18.78 installing xkeyboard-config...
#5 18.82 installing libxkbcommon...
#5 18.82 Optional dependencies for libxkbcommon
#5 18.82     libxkbcommon-x11: xkbcli interactive-x11 [pending]
#5 18.82     wayland: xkbcli interactive-wayland [installed]
#5 18.82 installing libxrandr...
#5 18.82 installing json-glib...
#5 18.83 installing duktape...
#5 18.83 installing libproxy...
#5 18.83 installing glib-networking...
#5 18.84 installing libsoup3...
#5 18.85 Optional dependencies for libsoup3
#5 18.85     samba: Windows Domain SSO
#5 18.85 installing libstemmer...
#5 18.85 installing tinysparql...
#5 18.86 installing gtk-update-icon-cache...
#5 18.86 installing gtk3...
#5 18.99 Optional dependencies for gtk3
#5 18.99     evince: Default print preview command
#5 18.99 installing enchant...
#5 18.99 Optional dependencies for enchant
#5 18.99     aspell: for aspell based spell checking support
#5 18.99     hspell: for hspell based spell checking support
#5 18.99     hunspell: for hunspell based spell checking support
#5 18.99     libvoikko: for libvoikko based spell checking support
#5 18.99     nuspell: for nuspell based spell checking support
#5 18.99 installing gstreamer...
#5 19.08 Optional dependencies for gstreamer
#5 19.08     python: gst-plugins-doc-cache-generator
#5 19.08 installing graphene...
#5 19.09 installing libgudev...
#5 19.09 installing libxv...
#5 19.09 installing orc...
#5 19.10 installing gst-plugins-base-libs...
#5 19.15 installing gssdp...
#5 19.15 Optional dependencies for gssdp
#5 19.15     gtk4: gssdp-device-sniffer
#5 19.15 installing gupnp...
#5 19.16 Optional dependencies for gupnp
#5 19.16     python: gupnp-binding-tool
#5 19.16 installing gupnp-igd...
#5 19.16 installing libnice...
#5 19.16 Optional dependencies for libnice
#5 19.16     gstreamer: "nice" GStreamer plugin [installed]
#5 19.16 installing libva...
#5 19.17 Optional dependencies for libva
#5 19.17     intel-media-driver: backend for Intel GPUs (>= Broadwell)
#5 19.17     libva-intel-driver: backend for Intel GPUs (<= Haswell)
#5 19.17     libva-mesa-driver: backend for AMD and NVIDIA GPUs [installed]
#5 19.17 installing libxkbcommon-x11...
#5 19.17 installing vulkan-icd-loader...
#5 19.17 Optional dependencies for vulkan-icd-loader
#5 19.17     vulkan-driver: packaged vulkan driver
#5 19.17 installing vmaf...
#5 19.20 installing gst-plugins-bad-libs...
#5 19.26 installing harfbuzz-icu...
#5 19.26 installing hyphen...
#5 19.26 installing aom...
#5 19.29 installing libyuv...
#5 19.29 installing rav1e...
#5 19.31 installing svt-av1...
#5 19.32 installing libavif...
#5 19.33 installing libevdev...
#5 19.33 installing libmanette...
#5 19.33 installing libxslt...
#5 19.36 Optional dependencies for libxslt
#5 19.36     python: Python bindings
#5 19.36 installing openjpeg2...
#5 19.37 installing gnu-free-fonts...
#5 19.40 installing woff2...
#5 19.40 installing xdg-dbus-proxy...
#5 19.40 installing webkit2gtk-4.1...
#5 19.69 Optional dependencies for webkit2gtk-4.1
#5 19.69     geoclue: Geolocation support
#5 19.69     gst-libav: nonfree media decoding
#5 19.69     gst-plugins-bad: media decoding
#5 19.69     gst-plugins-good: media decoding
#5 24.80 :: Running post-transaction hooks...
#5 24.80 ( 1/15) Creating system user accounts...
#5 25.02 Creating group 'avahi' with GID 969.
#5 25.02 Creating user 'avahi' (Avahi mDNS/DNS-SD daemon) with UID 969 and GID 969.
#5 25.02 Creating group 'git' with GID 968.
#5 25.02 Creating user 'git' (git daemon user) with UID 968 and GID 968.
#5 25.17 ( 2/15) Creating temporary files...
#5 25.24 /usr/lib/tmpfiles.d/journal-nocow.conf:26: Failed to resolve specifier: uninitialized /etc/ detected, skipping.
#5 25.24 All rules containing unresolvable specifiers will be skipped.
#5 25.28 ( 3/15) Reloading system manager configuration...
#5 25.34   Skipped: Current root is not booted.
#5 25.34 ( 4/15) Reloading user manager configuration...
#5 25.40   Skipped: Current root is not booted.
#5 25.40 ( 5/15) Updating the MIME type database...
#5 25.69 ( 6/15) Arming ConditionNeedsUpdate...
#5 25.75 ( 7/15) Updating fontconfig configuration...
#5 25.80 ( 8/15) Reloading system bus configuration...
#5 25.86   Skipped: Current root is not booted.
#5 25.86 ( 9/15) Checking for old perl modules...
#5 25.92 (10/15) Updating fontconfig cache...
#5 25.98 (11/15) Updating GIO module cache...
#5 26.05 (12/15) Compiling GSettings XML schema files...
#5 26.11 (13/15) Probing GTK3 input method modules...
#5 26.19 (14/15) Updating icon theme caches...
#5 26.30 (15/15) Updating the desktop file MIME type cache...
#5 DONE 26.5s

#6 [3/5] RUN useradd -m -G wheel builder &&     echo '%wheel ALL=(ALL) NOPASSWD: ALL' >> /etc/sudoers
#6 DONE 0.3s

#7 [4/5] RUN mkdir -p /build &&     chown -R builder:builder /build
#7 DONE 0.3s

#8 [5/5] WORKDIR /build
#8 DONE 0.1s

#9 exporting to image
#9 exporting layers
#9 exporting layers 10.4s done
#9 writing image sha256:066cc11011b3764622d6594061ab83b981b6cd738748e4424aac80ab16d0f255 done
#9 naming to docker.io/library/lem-aur-builder 0.0s done
#9 DONE 10.4s
[0;32m[SUCCESS][0m Docker image built successfully
[0;34m[INFO][0m Starting build in Docker container...
[0;34m[INFO][0m Running makepkg for Lem...
cp: '/build/PKGBUILD' and './PKGBUILD' are the same file
==> Making package: lem 2024.12.0-1 (Sat Apr 11 01:09:26 2026)
==> Checking runtime dependencies...
==> Checking buildtime dependencies...
==> Retrieving sources...
  -> Downloading lem-2024.12.0.tar.gz...
  % Total    % Received % Xferd  Average Speed  Time    Time    Time   Current
                                 Dload  Upload  Total   Spent   Left   Speed
  0      0   0      0   0      0      0      0                              0  0      0   0      0   0      0      0      0                              0  0      0   0      0   0      0      0      0                              0
  0      0   0      0   0      0      0      0                              0
curl: (22) The requested URL returned error: 404
==> ERROR: Failure while downloading https://github.com/lem-project/lem/archive/refs/tags/v2024.12.0.tar.gz
    Aborting...
Build complete!
[0;31m[ERROR][0m No packages were created. Check the build output above.
