fatal: not a git repository (or any of the parent directories): .git
go: downloading github.com/rs/zerolog v1.34.0
go: downloading go.mau.fi/util v0.9.1
go: downloading go.mau.fi/whatsmeow v0.0.0-20250916115455-914d640cc83c
go: downloading maunium.net/go/mautrix v0.25.1
go: downloading golang.org/x/image v0.31.0
go: downloading golang.org/x/sync v0.17.0
go: downloading google.golang.org/protobuf v1.36.9
go: downloading gopkg.in/yaml.v3 v3.0.1
go: downloading github.com/rs/xid v1.6.0
go: downloading golang.org/x/net v0.44.0
go: downloading go.mau.fi/libsignal v0.2.0
go: downloading golang.org/x/exp v0.0.0-20250911091902-df9299821621
go: downloading github.com/lib/pq v1.10.9
go: downloading github.com/mattn/go-sqlite3 v1.14.32
go: downloading maunium.net/go/mauflag v1.0.0
go: downloading github.com/mattn/go-colorable v0.1.14
go: downloading github.com/petermattis/goid v0.0.0-20250904145737-900bdf8bb490
go: downloading github.com/beeper/argo-go v1.1.2
go: downloading github.com/google/uuid v1.6.0
go: downloading github.com/gorilla/websocket v1.5.0
go: downloading golang.org/x/crypto v0.42.0
go: downloading go.mau.fi/webp v0.2.0
go: downloading github.com/tidwall/gjson v1.18.0
go: downloading github.com/tidwall/sjson v1.2.5
go: downloading github.com/skip2/go-qrcode v0.0.0-20200617195104-da1b6568686e
go: downloading github.com/yuin/goldmark v1.7.13
go: downloading github.com/coder/websocket v1.8.14
go: downloading go.mau.fi/zeroconfig v0.2.0
go: downloading golang.org/x/sys v0.36.0
go: downloading github.com/mattn/go-isatty v0.0.20
go: downloading github.com/elliotchance/orderedmap/v3 v3.1.0
go: downloading github.com/vektah/gqlparser/v2 v2.5.27
go: downloading filippo.io/edwards25519 v1.1.0
go: downloading golang.org/x/text v0.29.0
go: downloading github.com/tidwall/match v1.1.1
go: downloading github.com/tidwall/pretty v1.2.1
go: downloading gopkg.in/natefinch/lumberjack.v2 v2.2.1
go: downloading github.com/coreos/go-systemd/v22 v22.5.0
Wrote example config to config.yaml
